apiVersion: networking.istio.io/v1alpha3
kind: DestinationRule
metadata:
  annotations:
    multicluster.istio.io/provenance: default.reviews
  creationTimestamp: null
  name: dest-rule-reviews-default-notls
  namespace: default
spec:
  host: reviews.default.svc.cluster.local
  subsets:
  - name: notls
    trafficPolicy:
      tls: {}
---
apiVersion: networking.istio.io/v1alpha3
kind: Gateway
metadata:
  annotations:
    multicluster.istio.io/provenance: default.reviews
  creationTimestamp: null
  name: istio-ingressgateway-reviews-default
  namespace: default
spec:
  selector:
    istio: ingressgateway
  servers:
  - hosts:
    - reviews.default.svc.cluster.local
    port:
      name: reviews-default-80
      number: 81
      protocol: TLS
    tls: {}
---
apiVersion: networking.istio.io/v1alpha3
kind: VirtualService
metadata:
  annotations:
    multicluster.istio.io/provenance: default.reviews
  creationTimestamp: null
  name: ingressgateway-to-reviews-default
  namespace: default
spec:
  gateways:
  - istio-ingressgateway-reviews-default
  hosts:
  - reviews.default.svc.cluster.local
  tls:
  - match:
    - port: 81
      sniHosts:
      - reviews.default.svc.cluster.local
    route:
    - destination:
        host: reviews.default.svc.cluster.local
        port:
          number: 9080
        subset: notls
